{"context":"NestFactory","level":"info","message":"Starting Nest application...","timestamp":"2026-05-06T18:36:49.842Z"}
{"context":"InstanceLoader","level":"info","message":"PrismaModule dependencies initialized","timestamp":"2026-05-06T18:36:50.090Z"}
{"context":"InstanceLoader","level":"info","message":"EmailModule dependencies initialized","timestamp":"2026-05-06T18:36:50.092Z"}
{"context":"InstanceLoader","level":"info","message":"ConfigHostModule dependencies initialized","timestamp":"2026-05-06T18:36:50.138Z"}
{"context":"InstanceLoader","level":"info","message":"ThrottlerModule dependencies initialized","timestamp":"2026-05-06T18:36:50.139Z"}
{"context":"InstanceLoader","level":"info","message":"HttpModule dependencies initialized","timestamp":"2026-05-06T18:36:50.140Z"}
{"context":"InstanceLoader","level":"info","message":"DiscoveryModule dependencies initialized","timestamp":"2026-05-06T18:36:50.142Z"}
{"context":"InstanceLoader","level":"info","message":"AuctionsModule dependencies initialized","timestamp":"2026-05-06T18:36:50.144Z"}
{"context":"DvlaService","level":"info","message":"DVLA endpoint: https://driver-vehicle-licensing.api.gov.uk/vehicle-enquiry/v1/vehicles","timestamp":"2026-05-06T18:36:50.152Z"}
{"context":"ImageCleanupService","level":"warn","message":"Supabase credentials missing. Cleanup task will not run effectively.","timestamp":"2026-05-06T18:36:50.158Z"}
{"context":"InstanceLoader","level":"info","message":"AppModule dependencies initialized","timestamp":"2026-05-06T18:36:50.160Z"}
{"context":"InstanceLoader","level":"info","message":"ConfigModule dependencies initialized","timestamp":"2026-05-06T18:36:50.161Z"}
{"context":"InstanceLoader","level":"info","message":"ConfigModule dependencies initialized","timestamp":"2026-05-06T18:36:50.162Z"}
{"context":"InstanceLoader","level":"info","message":"ScraperModule dependencies initialized","timestamp":"2026-05-06T18:36:50.163Z"}
{"context":"InstanceLoader","level":"info","message":"ScheduleModule dependencies initialized","timestamp":"2026-05-06T18:36:50.166Z"}
{"context":"InstanceLoader","level":"info","message":"ScheduleModule dependencies initialized","timestamp":"2026-05-06T18:36:50.169Z"}
{"context":"InstanceLoader","level":"info","message":"TerminusModule dependencies initialized","timestamp":"2026-05-06T18:36:50.170Z"}
{"context":"InstanceLoader","level":"info","message":"AnalyticsModule dependencies initialized","timestamp":"2026-05-06T18:36:50.173Z"}
{"context":"InstanceLoader","level":"info","message":"TasksModule dependencies initialized","timestamp":"2026-05-06T18:36:50.176Z"}
{"context":"InstanceLoader","level":"info","message":"HealthModule dependencies initialized","timestamp":"2026-05-06T18:36:50.178Z"}
{"context":"InstanceLoader","level":"info","message":"DvlaModule dependencies initialized","timestamp":"2026-05-06T18:36:50.180Z"}
{"context":"InstanceLoader","level":"info","message":"PricingModule dependencies initialized","timestamp":"2026-05-06T18:36:50.187Z"}
{"context":"InstanceLoader","level":"info","message":"SellersModule dependencies initialized","timestamp":"2026-05-06T18:36:50.189Z"}
{"context":"InstanceLoader","level":"info","message":"FinanceModule dependencies initialized","timestamp":"2026-05-06T18:36:50.191Z"}
{"context":"InstanceLoader","level":"info","message":"InsuranceModule dependencies initialized","timestamp":"2026-05-06T18:36:50.192Z"}
{"context":"InstanceLoader","level":"info","message":"AdminModule dependencies initialized","timestamp":"2026-05-06T18:36:50.193Z"}
{"context":"InstanceLoader","level":"info","message":"DashboardModule dependencies initialized","timestamp":"2026-05-06T18:36:50.194Z"}
{"context":"InstanceLoader","level":"info","message":"BidsModule dependencies initialized","timestamp":"2026-05-06T18:36:50.195Z"}
{"context":"InstanceLoader","level":"info","message":"WatchlistModule dependencies initialized","timestamp":"2026-05-06T18:36:50.196Z"}
{"context":"InstanceLoader","level":"info","message":"ServiceRequestsModule dependencies initialized","timestamp":"2026-05-06T18:36:50.197Z"}
{"context":"InstanceLoader","level":"info","message":"TransactionsModule dependencies initialized","timestamp":"2026-05-06T18:36:50.204Z"}
{"context":"InstanceLoader","level":"info","message":"DealersModule dependencies initialized","timestamp":"2026-05-06T18:36:50.205Z"}
{"context":"InstanceLoader","level":"info","message":"DamageAnalysisModule dependencies initialized","timestamp":"2026-05-06T18:36:50.207Z"}
{"context":"InstanceLoader","level":"info","message":"UsersModule dependencies initialized","timestamp":"2026-05-06T18:36:50.208Z"}
{"context":"InstanceLoader","level":"info","message":"AuthModule dependencies initialized","timestamp":"2026-05-06T18:36:50.209Z"}
{"context":"InstanceLoader","level":"info","message":"NotificationsModule dependencies initialized","timestamp":"2026-05-06T18:36:50.211Z"}
{"context":"InstanceLoader","level":"info","message":"ListingsModule dependencies initialized","timestamp":"2026-05-06T18:36:50.213Z"}
{"context":"InstanceLoader","level":"info","message":"AiModule dependencies initialized","timestamp":"2026-05-06T18:36:50.214Z"}
{"context":"InstanceLoader","level":"info","message":"FeaturedBoostModule dependencies initialized","timestamp":"2026-05-06T18:36:50.222Z"}
{"context":"InstanceLoader","level":"info","message":"PaymentsModule dependencies initialized","timestamp":"2026-05-06T18:36:50.223Z"}
{"context":"InstanceLoader","level":"info","message":"OffersModule dependencies initialized","timestamp":"2026-05-06T18:36:50.224Z"}
{"context":"InstanceLoader","level":"info","message":"ChatModule dependencies initialized","timestamp":"2026-05-06T18:36:50.228Z"}
{"context":"RedisIoAdapter","level":"warn","message":"REDIS_URL not found, falling back to default IoAdapter","timestamp":"2026-05-06T18:36:50.240Z"}
{"context":"NotificationsGateway","level":"info","message":"Notifications WebSocket Gateway initialized","timestamp":"2026-05-06T18:36:51.734Z"}
{"context":"ChatGateway","level":"info","message":"Chat WebSocket Gateway initialized","timestamp":"2026-05-06T18:36:51.744Z"}
{"context":"WebSocketsController","level":"info","message":"ChatGateway subscribed to the \"message:send\" message","timestamp":"2026-05-06T18:36:51.745Z"}
{"context":"WebSocketsController","level":"info","message":"ChatGateway subscribed to the \"room:join\" message","timestamp":"2026-05-06T18:36:51.746Z"}
{"context":"WebSocketsController","level":"info","message":"ChatGateway subscribed to the \"message:read\" message","timestamp":"2026-05-06T18:36:51.747Z"}
{"context":"WebSocketsController","level":"info","message":"ChatGateway subscribed to the \"typing:start\" message","timestamp":"2026-05-06T18:36:51.752Z"}
{"context":"WebSocketsController","level":"info","message":"ChatGateway subscribed to the \"typing:stop\" message","timestamp":"2026-05-06T18:36:51.754Z"}
{"context":"RoutesResolver","level":"info","message":"AppController {/}:","timestamp":"2026-05-06T18:36:51.759Z"}
{"context":"RouterExplorer","level":"info","message":"Mapped {/, GET} route","timestamp":"2026-05-06T18:36:51.763Z"}
{"context":"RoutesResolver","level":"info","message":"HealthController {/health}:","timestamp":"2026-05-06T18:36:51.764Z"}
{"context":"RouterExplorer","level":"info","message":"Mapped {/health, GET} route","timestamp":"2026-05-06T18:36:51.768Z"}
{"context":"RoutesResolver","level":"info","message":"ListingsController {/listings}:","timestamp":"2026-05-06T18:36:51.770Z"}
{"context":"RouterExplorer","level":"info","message":"Mapped {/listings, POST} route","timestamp":"2026-05-06T18:36:51.773Z"}
{"context":"RouterExplorer","level":"info","message":"Mapped {/listings, GET} route","timestamp":"2026-05-06T18:36:51.774Z"}
{"context":"RouterExplorer","level":"info","message":"Mapped {/listings/featured, GET} route","timestamp":"2026-05-06T18:36:51.776Z"}
{"context":"RouterExplorer","level":"info","message":"Mapped {/listings/my, GET} route","timestamp":"2026-05-06T18:36:51.778Z"}
{"context":"RouterExplorer","level":"info","message":"Mapped {/listings/stats, GET} route","timestamp":"2026-05-06T18:36:51.779Z"}
{"context":"RouterExplorer","level":"info","message":"Mapped {/listings/performance, GET} route","timestamp":"2026-05-06T18:36:51.780Z"}
{"context":"RouterExplorer","level":"info","message":"Mapped {/listings/:slug, GET} route","timestamp":"2026-05-06T18:36:51.787Z"}
{"context":"RouterExplorer","level":"info","message":"Mapped {/listings/:id, PATCH} route","timestamp":"2026-05-06T18:36:51.790Z"}
{"context":"RouterExplorer","level":"info","message":"Mapped {/listings/:id/status, PATCH} route","timestamp":"2026-05-06T18:36:51.792Z"}
{"context":"RouterExplorer","level":"info","message":"Mapped {/listings/:id/sold, PATCH} route","timestamp":"2026-05-06T18:36:51.793Z"}
{"context":"RouterExplorer","level":"info","message":"Mapped {/listings/earnings, GET} route","timestamp":"2026-05-06T18:36:51.794Z"}
{"context":"RouterExplorer","level":"info","message":"Mapped {/listings/:id, DELETE} route","timestamp":"2026-05-06T18:36:51.795Z"}
{"context":"RoutesResolver","level":"info","message":"AuthController {/auth}:","timestamp":"2026-05-06T18:36:51.797Z"}
{"context":"RouterExplorer","level":"info","message":"Mapped {/auth/register, POST} route","timestamp":"2026-05-06T18:36:51.800Z"}
{"context":"RouterExplorer","level":"info","message":"Mapped {/auth/login, POST} route","timestamp":"2026-05-06T18:36:51.804Z"}
{"context":"RouterExplorer","level":"info","message":"Mapped {/auth/logout, POST} route","timestamp":"2026-05-06T18:36:51.806Z"}
{"context":"RouterExplorer","level":"info","message":"Mapped {/auth/me, GET} route","timestamp":"2026-05-06T18:36:51.808Z"}
{"context":"RouterExplorer","level":"info","message":"Mapped {/auth/supabase-session, POST} route","timestamp":"2026-05-06T18:36:51.809Z"}
{"context":"RouterExplorer","level":"info","message":"Mapped {/auth/reset-password, POST} route","timestamp":"2026-05-06T18:36:51.811Z"}
{"context":"RoutesResolver","level":"info","message":"SellersController {/sellers}:","timestamp":"2026-05-06T18:36:51.812Z"}
{"context":"RouterExplorer","level":"info","message":"Mapped {/sellers/:userId, GET} route","timestamp":"2026-05-06T18:36:51.813Z"}
{"context":"RouterExplorer","level":"info","message":"Mapped {/sellers/:userId/listings, GET} route","timestamp":"2026-05-06T18:36:51.818Z"}
{"context":"RouterExplorer","level":"info","message":"Mapped {/sellers/:sellerProfileId/reviews, GET} route","timestamp":"2026-05-06T18:36:51.822Z"}
{"context":"RouterExplorer","level":"info","message":"Mapped {/sellers/reviews, POST} route","timestamp":"2026-05-06T18:36:51.824Z"}
{"context":"RoutesResolver","level":"info","message":"AuctionsController {/auctions}:","timestamp":"2026-05-06T18:36:51.825Z"}
{"context":"RouterExplorer","level":"info","message":"Mapped {/auctions/status, GET} route","timestamp":"2026-05-06T18:36:51.826Z"}
{"context":"RoutesResolver","level":"info","message":"FinanceController {/finance}:","timestamp":"2026-05-06T18:36:51.827Z"}
{"context":"RouterExplorer","level":"info","message":"Mapped {/finance/apply, POST} route","timestamp":"2026-05-06T18:36:51.828Z"}
{"context":"RouterExplorer","level":"info","message":"Mapped {/finance/my, GET} route","timestamp":"2026-05-06T18:36:51.830Z"}
{"context":"RouterExplorer","level":"info","message":"Mapped {/finance/partner, GET} route","timestamp":"2026-05-06T18:36:51.837Z"}
{"context":"RouterExplorer","level":"info","message":"Mapped {/finance/:id/status, PATCH} route","timestamp":"2026-05-06T18:36:51.839Z"}
{"context":"RoutesResolver","level":"info","message":"InsuranceController {/insurance}:","timestamp":"2026-05-06T18:36:51.839Z"}
{"context":"RouterExplorer","level":"info","message":"Mapped {/insurance/quote, POST} route","timestamp":"2026-05-06T18:36:51.841Z"}
{"context":"RouterExplorer","level":"info","message":"Mapped {/insurance/my, GET} route","timestamp":"2026-05-06T18:36:51.843Z"}
{"context":"RouterExplorer","level":"info","message":"Mapped {/insurance/partner, GET} route","timestamp":"2026-05-06T18:36:51.844Z"}
{"context":"RouterExplorer","level":"info","message":"Mapped {/insurance/:id/status, PATCH} route","timestamp":"2026-05-06T18:36:51.845Z"}
{"context":"RoutesResolver","level":"info","message":"AdminController {/admin}:","timestamp":"2026-05-06T18:36:51.846Z"}
{"context":"RouterExplorer","level":"info","message":"Mapped {/admin/users, GET} route","timestamp":"2026-05-06T18:36:51.854Z"}
{"context":"RouterExplorer","level":"info","message":"Mapped {/admin/users/:id/role, PATCH} route","timestamp":"2026-05-06T18:36:51.855Z"}
{"context":"RouterExplorer","level":"info","message":"Mapped {/admin/users/:id/verify, PATCH} route","timestamp":"2026-05-06T18:36:51.857Z"}
{"context":"RouterExplorer","level":"info","message":"Mapped {/admin/listings, GET} route","timestamp":"2026-05-06T18:36:51.858Z"}
{"context":"RouterExplorer","level":"info","message":"Mapped {/admin/listings/:id, DELETE} route","timestamp":"2026-05-06T18:36:51.860Z"}
{"context":"RouterExplorer","level":"info","message":"Mapped {/admin/stats, GET} route","timestamp":"2026-05-06T18:36:51.861Z"}
{"context":"RoutesResolver","level":"info","message":"NotificationsController {/notifications}:","timestamp":"2026-05-06T18:36:51.862Z"}
{"context":"RouterExplorer","level":"info","message":"Mapped {/notifications, GET} route","timestamp":"2026-05-06T18:36:51.864Z"}
{"context":"RouterExplorer","level":"info","message":"Mapped {/notifications/unread-count, GET} route","timestamp":"2026-05-06T18:36:51.871Z"}
{"context":"RouterExplorer","level":"info","message":"Mapped {/notifications/read-all, PATCH} route","timestamp":"2026-05-06T18:36:51.874Z"}
{"context":"RouterExplorer","level":"info","message":"Mapped {/notifications/:id/read, PATCH} route","timestamp":"2026-05-06T18:36:51.876Z"}
{"context":"RoutesResolver","level":"info","message":"PaymentsController {/payments}:","timestamp":"2026-05-06T18:36:51.877Z"}
{"context":"RouterExplorer","level":"info","message":"Mapped {/payments/checkout, POST} route","timestamp":"2026-05-06T18:36:51.879Z"}
{"context":"RouterExplorer","level":"info","message":"Mapped {/payments/hpi-checkout, POST} route","timestamp":"2026-05-06T18:36:51.883Z"}
{"context":"RouterExplorer","level":"info","message":"Mapped {/payments/listing-checkout, POST} route","timestamp":"2026-05-06T18:36:51.885Z"}
{"context":"RouterExplorer","level":"info","message":"Mapped {/payments/session-status/:sessionId, GET} route","timestamp":"2026-05-06T18:36:51.889Z"}
{"context":"RouterExplorer","level":"info","message":"Mapped {/payments/history, GET} route","timestamp":"2026-05-06T18:36:51.890Z"}
{"context":"RouterExplorer","level":"info","message":"Mapped {/payments/webhook, POST} route","timestamp":"2026-05-06T18:36:51.892Z"}
{"context":"RoutesResolver","level":"info","message":"DashboardController {/dashboard}:","timestamp":"2026-05-06T18:36:51.893Z"}
{"context":"RouterExplorer","level":"info","message":"Mapped {/dashboard/unified, GET} route","timestamp":"2026-05-06T18:36:51.895Z"}
{"context":"RouterExplorer","level":"info","message":"Mapped {/dashboard/buyer, GET} route","timestamp":"2026-05-06T18:36:51.896Z"}
{"context":"RouterExplorer","level":"info","message":"Mapped {/dashboard/seller, GET} route","timestamp":"2026-05-06T18:36:51.898Z"}
{"context":"RouterExplorer","level":"info","message":"Mapped {/dashboard/dealer, GET} route","timestamp":"2026-05-06T18:36:51.911Z"}
{"context":"RouterExplorer","level":"info","message":"Mapped {/dashboard/contractor, GET} route","timestamp":"2026-05-06T18:36:51.914Z"}
{"context":"RouterExplorer","level":"info","message":"Mapped {/dashboard/finance, GET} route","timestamp":"2026-05-06T18:36:51.925Z"}
{"context":"RouterExplorer","level":"info","message":"Mapped {/dashboard/insurance, GET} route","timestamp":"2026-05-06T18:36:51.927Z"}
{"context":"RouterExplorer","level":"info","message":"Mapped {/dashboard/admin, GET} route","timestamp":"2026-05-06T18:36:51.928Z"}
{"context":"RoutesResolver","level":"info","message":"UsersController {/users}:","timestamp":"2026-05-06T18:36:51.930Z"}
{"context":"RouterExplorer","level":"info","message":"Mapped {/users/me, GET} route","timestamp":"2026-05-06T18:36:51.935Z"}
{"context":"RouterExplorer","level":"info","message":"Mapped {/users/me, PATCH} route","timestamp":"2026-05-06T18:36:51.937Z"}
{"context":"RouterExplorer","level":"info","message":"Mapped {/users/elevate, POST} route","timestamp":"2026-05-06T18:36:51.938Z"}
{"context":"RouterExplorer","level":"info","message":"Mapped {/users/dealer-profile, PATCH} route","timestamp":"2026-05-06T18:36:51.940Z"}
{"context":"RouterExplorer","level":"info","message":"Mapped {/users/sync, POST} route","timestamp":"2026-05-06T18:36:51.941Z"}
{"context":"RoutesResolver","level":"info","message":"BidsController {/bids}:","timestamp":"2026-05-06T18:36:51.942Z"}
{"context":"RouterExplorer","level":"info","message":"Mapped {/bids, POST} route","timestamp":"2026-05-06T18:36:51.943Z"}
{"context":"RouterExplorer","level":"info","message":"Mapped {/bids/my, GET} route","timestamp":"2026-05-06T18:36:51.945Z"}
{"context":"RouterExplorer","level":"info","message":"Mapped {/bids/stats, GET} route","timestamp":"2026-05-06T18:36:51.946Z"}
{"context":"RouterExplorer","level":"info","message":"Mapped {/bids/listing/:listingId, GET} route","timestamp":"2026-05-06T18:36:51.952Z"}
{"context":"RoutesResolver","level":"info","message":"WatchlistController {/watchlist}:","timestamp":"2026-05-06T18:36:51.954Z"}
{"context":"RouterExplorer","level":"info","message":"Mapped {/watchlist, GET} route","timestamp":"2026-05-06T18:36:51.955Z"}
{"context":"RouterExplorer","level":"info","message":"Mapped {/watchlist/:listingId, POST} route","timestamp":"2026-05-06T18:36:51.956Z"}
{"context":"RouterExplorer","level":"info","message":"Mapped {/watchlist/:listingId, DELETE} route","timestamp":"2026-05-06T18:36:51.960Z"}
{"context":"RouterExplorer","level":"info","message":"Mapped {/watchlist/check/:listingId, GET} route","timestamp":"2026-05-06T18:36:51.962Z"}
{"context":"RouterExplorer","level":"info","message":"Mapped {/watchlist/count, GET} route","timestamp":"2026-05-06T18:36:51.963Z"}
{"context":"RoutesResolver","level":"info","message":"ServiceRequestsController {/service-requests}:","timestamp":"2026-05-06T18:36:51.967Z"}
{"context":"RouterExplorer","level":"info","message":"Mapped {/service-requests, POST} route","timestamp":"2026-05-06T18:36:51.970Z"}
{"context":"RouterExplorer","level":"info","message":"Mapped {/service-requests/my, GET} route","timestamp":"2026-05-06T18:36:51.971Z"}
{"context":"RouterExplorer","level":"info","message":"Mapped {/service-requests/contractor, GET} route","timestamp":"2026-05-06T18:36:51.973Z"}
{"context":"RouterExplorer","level":"info","message":"Mapped {/service-requests/contractor/stats, GET} route","timestamp":"2026-05-06T18:36:51.974Z"}
{"context":"RouterExplorer","level":"info","message":"Mapped {/service-requests/:id/status, PATCH} route","timestamp":"2026-05-06T18:36:51.975Z"}
{"context":"RoutesResolver","level":"info","message":"ChatController {/chat}:","timestamp":"2026-05-06T18:36:51.976Z"}
{"context":"RouterExplorer","level":"info","message":"Mapped {/chat/rooms, GET} route","timestamp":"2026-05-06T18:36:51.978Z"}
{"context":"RouterExplorer","level":"info","message":"Mapped {/chat/rooms, POST} route","timestamp":"2026-05-06T18:36:51.979Z"}
{"context":"RouterExplorer","level":"info","message":"Mapped {/chat/rooms/:id, GET} route","timestamp":"2026-05-06T18:36:51.980Z"}
{"context":"RouterExplorer","level":"info","message":"Mapped {/chat/rooms/:id/messages, GET} route","timestamp":"2026-05-06T18:36:51.985Z"}
{"context":"RouterExplorer","level":"info","message":"Mapped {/chat/rooms/:id/messages, POST} route","timestamp":"2026-05-06T18:36:51.987Z"}
{"context":"RouterExplorer","level":"info","message":"Mapped {/chat/rooms/:id/read, PATCH} route","timestamp":"2026-05-06T18:36:51.988Z"}
{"context":"RouterExplorer","level":"info","message":"Mapped {/chat/unread, GET} route","timestamp":"2026-05-06T18:36:51.990Z"}
{"context":"RoutesResolver","level":"info","message":"FeaturedBoostController {/featured-boost}:","timestamp":"2026-05-06T18:36:51.990Z"}
{"context":"RouterExplorer","level":"info","message":"Mapped {/featured-boost/:listingId, POST} route","timestamp":"2026-05-06T18:36:51.992Z"}
{"context":"RouterExplorer","level":"info","message":"Mapped {/featured-boost/webhook, POST} route","timestamp":"2026-05-06T18:36:51.993Z"}
{"context":"RouterExplorer","level":"info","message":"Mapped {/featured-boost/my, GET} route","timestamp":"2026-05-06T18:36:51.995Z"}
{"context":"RouterExplorer","level":"info","message":"Mapped {/featured-boost/status/:listingId, GET} route","timestamp":"2026-05-06T18:36:51.996Z"}
{"context":"RoutesResolver","level":"info","message":"TransactionsController {/transactions}:","timestamp":"2026-05-06T18:36:52.000Z"}
{"context":"RouterExplorer","level":"info","message":"Mapped {/transactions/my, GET} route","timestamp":"2026-05-06T18:36:52.003Z"}
{"context":"RouterExplorer","level":"info","message":"Mapped {/transactions/stats, GET} route","timestamp":"2026-05-06T18:36:52.005Z"}
{"context":"RoutesResolver","level":"info","message":"DvlaController {/dvla}:","timestamp":"2026-05-06T18:36:52.007Z"}
{"context":"RouterExplorer","level":"info","message":"Mapped {/dvla/lookup, POST} route","timestamp":"2026-05-06T18:36:52.008Z"}
{"context":"RoutesResolver","level":"info","message":"AnalyticsController {/analytics}:","timestamp":"2026-05-06T18:36:52.010Z"}
{"context":"RouterExplorer","level":"info","message":"Mapped {/analytics/event, POST} route","timestamp":"2026-05-06T18:36:52.011Z"}
{"context":"RouterExplorer","level":"info","message":"Mapped {/analytics/email, POST} route","timestamp":"2026-05-06T18:36:52.013Z"}
{"context":"RouterExplorer","level":"info","message":"Mapped {/analytics/summary, GET} route","timestamp":"2026-05-06T18:36:52.014Z"}
{"context":"RouterExplorer","level":"info","message":"Mapped {/analytics/events, GET} route","timestamp":"2026-05-06T18:36:52.018Z"}
{"context":"RouterExplorer","level":"info","message":"Mapped {/analytics/emails, GET} route","timestamp":"2026-05-06T18:36:52.020Z"}
{"context":"RoutesResolver","level":"info","message":"OffersController {/offers}:","timestamp":"2026-05-06T18:36:52.021Z"}
{"context":"RouterExplorer","level":"info","message":"Mapped {/offers, POST} route","timestamp":"2026-05-06T18:36:52.023Z"}
{"context":"RouterExplorer","level":"info","message":"Mapped {/offers/my, GET} route","timestamp":"2026-05-06T18:36:52.024Z"}
{"context":"RouterExplorer","level":"info","message":"Mapped {/offers/my/:listingId, GET} route","timestamp":"2026-05-06T18:36:52.026Z"}
{"context":"RouterExplorer","level":"info","message":"Mapped {/offers/listing/:listingId, GET} route","timestamp":"2026-05-06T18:36:52.027Z"}
{"context":"RouterExplorer","level":"info","message":"Mapped {/offers/:id/respond, PATCH} route","timestamp":"2026-05-06T18:36:52.029Z"}
{"context":"RouterExplorer","level":"info","message":"Mapped {/offers/pending-count, GET} route","timestamp":"2026-05-06T18:36:52.030Z"}
{"context":"RouterExplorer","level":"info","message":"Mapped {/offers/:id/withdraw, PATCH} route","timestamp":"2026-05-06T18:36:52.035Z"}
{"context":"RouterExplorer","level":"info","message":"Mapped {/offers/:id/respond-counter, PATCH} route","timestamp":"2026-05-06T18:36:52.039Z"}
{"context":"RouterExplorer","level":"info","message":"Mapped {/offers/received, GET} route","timestamp":"2026-05-06T18:36:52.040Z"}
{"context":"RoutesResolver","level":"info","message":"AiController {/ai}:","timestamp":"2026-05-06T18:36:52.041Z"}
{"context":"RouterExplorer","level":"info","message":"Mapped {/ai/search, POST} route","timestamp":"2026-05-06T18:36:52.045Z"}
{"context":"RouterExplorer","level":"info","message":"Mapped {/ai/chat, POST} route","timestamp":"2026-05-06T18:36:52.046Z"}
{"context":"RouterExplorer","level":"info","message":"Mapped {/ai/generate-description, POST} route","timestamp":"2026-05-06T18:36:52.052Z"}
{"context":"RoutesResolver","level":"info","message":"DealersController {/dealers}:","timestamp":"2026-05-06T18:36:52.053Z"}
{"context":"RouterExplorer","level":"info","message":"Mapped {/dealers/stats, GET} route","timestamp":"2026-05-06T18:36:52.055Z"}
{"context":"RouterExplorer","level":"info","message":"Mapped {/dealers/leads, GET} route","timestamp":"2026-05-06T18:36:52.056Z"}
{"context":"RouterExplorer","level":"info","message":"Mapped {/dealers/leads, POST} route","timestamp":"2026-05-06T18:36:52.057Z"}
{"context":"RouterExplorer","level":"info","message":"Mapped {/dealers/leads/:id, PATCH} route","timestamp":"2026-05-06T18:36:52.059Z"}
{"context":"RouterExplorer","level":"info","message":"Mapped {/dealers/staff, GET} route","timestamp":"2026-05-06T18:36:52.061Z"}
{"context":"RouterExplorer","level":"info","message":"Mapped {/dealers/staff, POST} route","timestamp":"2026-05-06T18:36:52.063Z"}
{"context":"RouterExplorer","level":"info","message":"Mapped {/dealers/staff/:id, DELETE} route","timestamp":"2026-05-06T18:36:52.064Z"}
{"context":"RoutesResolver","level":"info","message":"PricingController {/pricing}:","timestamp":"2026-05-06T18:36:52.068Z"}
{"context":"RouterExplorer","level":"info","message":"Mapped {/pricing/estimate, POST} route","timestamp":"2026-05-06T18:36:52.070Z"}
{"context":"RoutesResolver","level":"info","message":"DamageAnalysisController {/damage}:","timestamp":"2026-05-06T18:36:52.071Z"}
{"context":"RouterExplorer","level":"info","message":"Mapped {/damage/analyze, POST} route","timestamp":"2026-05-06T18:36:52.074Z"}
{"context":"RouterExplorer","level":"info","message":"Mapped {/damage/:listingId/save, POST} route","timestamp":"2026-05-06T18:36:52.075Z"}
{"context":"RouterExplorer","level":"info","message":"Mapped {/damage/:listingId, GET} route","timestamp":"2026-05-06T18:36:52.076Z"}
